// Jest Snapshot v1, https://goo.gl/fbAQLP

exports[`Loader render test 1`] = `
<div
  className="loader text-center"
>
  <img
    alt="loader"
    src="src/images/spinner.gif"
  />
</div>
`;
